// Jest Snapshot v1, https://goo.gl/fbAQLP

exports[`Countries component renders correctly 1`] = `
<div
  className="sc-beqWaB bBCdOB country-card"
>
  <a
    className="link"
    href="/country/1"
    onClick={[Function]}
  >
    <img
      alt="Flag"
      className="flag"
      src="flag.png"
    />
    <div
      className="text"
    >
      <h2>
        Country Name
      </h2>
      <p>
        <span>
          Capital:
        </span>
         
        Capital City
      </p>
      <p>
        <span>
          Continent:
        </span>
         
        Region
      </p>
    </div>
  </a>
</div>
`;
