// Jest Snapshot v1, https://goo.gl/fbAQLP

exports[`Countries component renders correctly 1`] = `
<section
  className="sc-beqWaB hZTBNn country-card"
>
  <a
    className="link"
    href="/country/1"
    onClick={[Function]}
  >
    <img
      alt="Flag"
      className="flag"
      src="flag.png"
    />
    <h2>
      Country Name
    </h2>
    <p>
      <span>
        Capital:
      </span>
       
      Capital City
    </p>
    <p>
      <span>
        Population:
      </span>
       
      1000000
    </p>
    <p>
      <span>
        Region:
      </span>
       
      Region
    </p>
  </a>
</section>
`;
